//Version: PianoFingering_v170101_Generated
0	0.625	5.3724	F4	33	80	1	0
1	0.625	5.3724	G#4	33	80	1	0
2	1.25	3.7474	F5	33	80	0	0
3	1.25	3.7474	G#5	33	80	0	0
4	3.75	6.15365	C#5	33	80	0	0
5	3.75	6.15365	F5	33	80	0	0
6	5.625	10.9661	F#4	33	80	1	0
7	5.625	10.9661	A4	33	80	1	0
8	6.25	6.8724	C5	33	80	0	0
9	6.25	6.8724	D#5	33	80	0	0
10	6.875	7.4974	C#5	33	80	0	0
11	6.875	7.4974	F5	33	80	0	0
12	7.5	11.6849	C5	33	80	0	0
13	7.5	11.6849	D#5	33	80	0	0
14	11.25	16.5911	F4	33	80	1	0
15	11.25	16.5911	G#4	33	80	1	0
16	11.875	12.4974	A#4	33	80	0	0
17	11.875	12.4974	C#5	33	80	0	0
18	12.5	13.1224	C5	33	80	0	0
19	12.5	13.1224	D#5	33	80	0	0
20	13.125	17.4974	A#4	33	80	0	0
21	13.125	14.0599	C#5	33	80	0	0
22	14.0625	15.9349	F5	33	80	0	0
23	15.9375	17.4974	C#5	33	80	0	0
24	16.875	22.2161	D#4	33	80	1	0
25	16.875	22.2161	F#4	33	80	1	0
26	17.5	18.1224	G#4	33	80	0	0
27	17.5	18.1224	C5	33	80	0	0
28	18.125	18.7474	A#4	33	80	0	0
29	18.125	18.7474	C#5	33	80	0	0
30	18.75	22.3099	G#4	33	80	0	0
31	18.75	22.926	C5	33	80	0	0
32	22.5	25.9872	C#4	33	80	1	0
33	22.5	25.9872	D#4	33	80	1	0
34	22.5	26.1709	F#4	33	80	0	0
35	23.1122	23.7219	A#4	33	80	0	0
36	23.7245	24.3342	C5	33	80	0	0
37	24.3367	24.9464	A#4	33	80	0	0
38	24.949	25.5587	D#5	33	80	0	0
39	25.5612	26.1709	A#4	33	80	0	0
40	26.1735	27.9158	C4	33	80	1	0
41	26.1735	27.9158	D#4	33	80	1	0
42	26.1735	28.0076	F#4	33	80	0	0
43	26.1735	26.7832	G#4	33	80	0	0
44	26.7857	27.3954	A#4	33	80	0	0
45	27.398	28.6199	G#4	33	80	0	0
46	28.0102	31.4974	A#3	33	80	1	0
47	28.0102	31.4974	C#4	33	80	1	0
48	28.0102	31.6811	D#4	33	80	0	0
49	28.6224	29.2321	F#4	33	80	0	0
50	29.2347	29.8444	G#4	33	80	0	0
51	29.8469	31.6811	F#4	33	80	0	0
52	31.6837	33.426	A3	33	80	1	0
53	31.6837	33.426	C4	33	80	1	0
54	31.6837	33.426	D#4	33	80	0	0
55	31.6837	34.0279	F4	33	80	0	0
56	33.5204	36.9379	G#3	33	80	1	0
57	33.5204	38.6479	A#3	33	80	1	0
58	33.5204	38.9179	C#4	33	80	0	0
59	34.1204	34.7179	F4	33	80	0	0
60	34.7204	35.3179	F#4	33	80	0	0
61	35.3204	35.9179	F4	33	80	0	0
62	35.9204	36.5179	A#4	33	80	0	0
63	36.5204	37.1179	F4	33	80	0	0
64	37.1204	38.8279	F#3	33	80	1	0
65	37.1204	37.7179	D#4	33	80	0	0
66	37.7204	38.3179	F4	33	80	0	0
67	38.3204	39.5179	D#4	33	80	0	0
68	38.9204	42.3379	F3	33	80	1	0
69	38.9204	42.3379	G#3	33	80	1	0
70	38.9204	42.5179	A#3	33	80	0	0
71	39.5204	40.1179	C#4	33	80	0	0
72	40.1204	40.7179	D#4	33	80	0	0
73	40.7204	42.5179	C#4	33	80	0	0
74	42.5204	43.3729	D#3	33	80	1	0
75	42.5204	44.2279	F#3	33	80	1	0
76	42.5204	44.3179	G#3	33	80	0	0
77	42.5204	44.3179	C4	33	80	0	0
78	43.4204	44.8621	G#2	33	80	1	0
79	44.3204	44.9062	C#2	33	80	1	0
80	44.9086	45.4944	F3	33	80	1	0
81	44.9086	45.4944	G#3	33	80	1	0
82	45.4969	49.4356	F4	33	80	1	0
83	45.4969	49.4356	G#4	33	80	1	0
84	46.0851	47.8474	F5	33	80	0	0
85	46.0851	47.8474	G#5	33	80	0	0
86	47.8498	50.1121	C#5	33	80	0	0
87	47.8498	50.1121	F5	33	80	0	0
88	49.6145	52.965	F#2	33	80	1	0
89	49.6145	50.2028	C#3	33	80	1	0
90	50.2028	54.6709	C#3	33	80	1	0
91	50.2028	54.6709	F#3	33	80	1	0
92	50.2028	54.6709	A#3	33	80	1	0
93	50.2028	54.6709	C#4	33	80	1	0
94	50.2028	54.7297	F#4	33	80	0	0
95	50.2028	54.7297	A#4	33	80	0	0
96	50.2028	50.7885	D#5	33	80	0	0
97	50.791	51.3768	F5	33	80	0	0
98	51.3792	55.3101	D#5	33	80	0	0
99	54.9086	58.1947	F2	33	80	1	0
100	54.9086	58.1947	C#3	33	80	1	0
101	55.4856	56.637	F3	33	80	1	0
102	55.4856	56.637	G#3	33	80	1	0
103	55.4856	56.0601	C#4	33	80	0	0
104	55.4856	56.637	G#4	33	80	0	0
105	55.4856	56.0601	C#5	33	80	0	0
106	56.0625	56.637	D#4	33	80	0	0
107	56.0625	56.637	D#5	33	80	0	0
108	56.6394	58.3678	C#4	33	80	1	0
109	56.6394	58.3678	F4	33	80	1	0
110	56.6394	58.3678	G#4	33	80	0	0
111	56.6394	58.3678	C#5	33	80	0	0
112	56.6394	58.3678	G#5	33	80	0	0
113	58.3702	60.012	G#3	33	80	1	0
114	58.3702	60.012	C#4	33	80	1	0
115	58.3702	60.012	F4	33	80	0	0
116	58.3702	60.012	C#5	33	80	0	0
117	58.3702	60.5889	F5	33	80	0	0
118	60.1009	63.387	F#2	33	80	1	0
119	60.1009	60.6779	C#3	33	80	1	0
120	60.6779	65.0601	C#3	33	80	1	0
121	60.6779	65.0601	F#3	33	80	1	0
122	60.6779	65.0601	A#3	33	80	1	0
123	60.6779	65.0601	C#4	33	80	1	0
124	60.6779	65.2909	F#4	33	80	0	0
125	60.6779	65.2909	A#4	33	80	0	0
126	60.6779	61.2524	D#5	33	80	0	0
127	61.2548	61.8293	F5	33	80	0	0
128	61.8317	63.5601	D#5	33	80	0	0
129	63.5625	65.772	C#5	33	80	0	0
130	65.2933	70.1305	G#2	33	80	1	0
131	65.8593	66.9324	F3	36	80	1	0
132	65.8593	66.9324	B3	36	80	1	0
133	65.8593	66.423	C#4	36	80	0	0
134	65.8593	66.989	G#4	36	80	0	0
135	65.8593	66.423	C#5	36	80	0	0
136	66.4253	66.989	D#4	39	80	0	0
137	66.4253	66.989	D#5	39	80	0	0
138	66.9914	69.14	B3	42	80	1	0
139	66.9914	69.14	C#4	42	80	1	0
140	66.9914	69.14	F4	42	80	1	0
141	66.9914	67.8381	A#4	42	80	0	0
142	66.9914	69.5385	F5	42	80	0	0
143	66.9914	67.8381	A#5	42	80	0	0
144	67.8404	69.5362	G#4	42	80	0	0
145	67.8404	69.5362	G#5	42	80	0	0
146	69.5385	70.3852	F4	42	80	0	0
147	69.5385	70.9408	F5	42	80	0	0
148	70.3876	73.5519	A#2	42	80	1	0
149	70.9432	75.1631	F3	42	80	1	0
150	70.9432	75.1631	A#3	42	80	1	0
151	70.9432	72.7881	D#4	42	80	1	0
152	70.9432	75.3853	F4	42	80	0	0
153	70.9432	74.5543	A#4	42	80	0	0
154	70.9432	71.4964	D#5	42	80	0	0
155	71.4987	72.0519	F5	42	80	0	0
156	72.0543	72.8853	D#5	42	80	0	0
157	72.8876	75.2603	C#4	42	80	1	0
158	72.8876	74.5519	C#5	42	80	0	0
159	74.5543	75.3853	A#4	36	80	0	0
160	75.3876	78.5081	D#1	33	80	1	0
161	75.3876	78.5081	D#2	33	80	1	0
162	76.1771	77.5359	F4	33	80	1	0
163	76.1771	77.5359	F#4	33	80	1	0
164	76.1771	77.5359	A#4	33	80	1	0
165	76.1771	77.5359	F5	33	80	0	0
166	76.1771	77.5359	A#5	33	80	0	0
167	76.1771	77.5359	F6	33	80	0	0
168	77.566	78.1192	D#4	33	80	1	0
169	77.566	78.1192	F#4	33	80	1	0
170	77.566	78.1192	A#4	33	80	1	0
171	77.566	78.1192	D#5	33	80	0	0
172	77.566	78.1192	A#5	33	80	0	0
173	77.566	78.1192	D#6	33	80	0	0
174	78.1215	78.6748	D#4	33	80	1	0
175	78.1215	78.6748	F#4	33	80	1	0
176	78.1215	78.6748	A#4	33	80	1	0
177	78.1215	78.6748	D#5	33	80	0	0
178	78.1215	78.6748	A#5	33	80	0	0
179	78.1215	78.6748	D#6	33	80	0	0
180	78.6771	79.2012	D#4	33	80	1	0
181	78.6771	79.2012	F#4	33	80	1	0
182	78.6771	79.2012	A#4	33	80	1	0
183	78.6771	79.2012	D#5	33	80	0	0
184	78.6771	79.2012	A#5	33	80	0	0
185	78.6771	79.2012	D#6	33	80	0	0
186	79.2034	79.7275	C#4	33	80	1	0
187	79.2034	79.7275	F#4	33	80	1	0
188	79.2034	79.7275	A#4	33	80	1	0
189	79.2034	79.7275	C#5	33	80	0	0
190	79.2034	79.7275	A#5	33	80	0	0
191	79.2034	79.7275	C#6	33	80	0	0
192	79.7297	80.2538	C#4	33	80	1	0
193	79.7297	80.2538	F#4	33	80	1	0
194	79.7297	80.2538	A#4	33	80	1	0
195	79.7297	80.2538	C#5	33	80	0	0
196	79.7297	80.2538	A#5	33	80	0	0
197	79.7297	80.2538	C#6	33	80	0	0
198	80.256	80.7539	C#4	33	80	1	0
199	80.256	80.7539	F#4	33	80	1	0
200	80.256	80.7539	A#4	33	80	1	0
201	80.256	80.7539	C#5	33	80	0	0
202	80.256	80.7539	A#5	33	80	0	0
203	80.256	80.7539	C#6	33	80	0	0
204	80.756	81.2539	C4	33	80	1	0
205	80.756	81.2539	F#4	33	80	1	0
206	80.756	81.2539	A#4	33	80	1	0
207	80.756	81.2539	C5	33	80	0	0
208	80.756	81.2539	F#5	33	80	0	0
209	80.756	81.2539	A#5	33	80	0	0
210	80.756	81.2539	C6	33	80	0	0
211	81.256	81.7539	C4	33	80	1	0
212	81.256	81.7539	F#4	33	80	1	0
213	81.256	81.7539	A#4	33	80	1	0
214	81.256	81.7539	C5	33	80	0	0
215	81.256	81.7539	F#5	33	80	0	0
216	81.256	81.7539	A#5	33	80	0	0
217	81.256	81.7539	C6	33	80	0	0
218	81.756	82.5433	C4	33	80	1	0
219	81.756	82.5433	F#4	33	80	1	0
220	81.756	82.5433	A#4	33	80	1	0
221	81.756	82.5433	C5	33	80	0	0
222	81.756	82.5433	F#5	33	80	0	0
223	81.756	82.5433	A#5	33	80	0	0
224	81.756	82.5433	C6	33	80	0	0
225	82.5455	83.3765	C#4	33	80	1	0
226	82.5455	83.3765	F#4	33	80	1	0
227	82.5455	83.3765	A#4	33	80	1	0
228	82.5455	83.3765	C#5	33	80	0	0
229	82.5455	83.3765	A#5	33	80	0	0
230	82.5455	83.3765	C#6	33	80	0	0
231	83.3788	85.0432	A#3	33	80	1	0
232	83.3788	85.0432	C#4	33	80	1	0
233	83.3788	85.0432	F#4	33	80	1	0
234	83.3788	85.0432	A#4	33	80	0	0
235	83.3788	85.0432	F#5	33	80	0	0
236	83.3788	85.0432	A#5	33	80	0	0
237	85.0455	88.166	D#1	33	80	1	0
238	85.0455	88.166	D#2	33	80	1	0
239	85.0455	87.1104	A#2	33	80	0	0
240	85.835	87.1521	F4	33	80	1	0
241	85.835	87.1521	F#4	33	80	1	0
242	85.835	87.1521	A#4	33	80	1	0
243	85.835	87.2215	F5	33	80	0	0
244	85.835	87.2215	A#5	33	80	0	0
245	85.835	87.2215	F6	33	80	0	0
246	87.2239	87.7493	F#4	33	80	1	0
247	87.2239	87.7493	A#4	33	80	1	0
248	87.2239	87.7493	D#5	33	80	1	0
249	87.2239	87.7771	F#5	33	80	0	0
250	87.2239	87.7771	A#5	33	80	0	0
251	87.2239	87.7771	F#6	33	80	0	0
252	87.7794	88.3049	F4	33	80	1	0
253	87.7794	88.3049	F#4	33	80	1	0
254	87.7794	88.3049	A#4	33	80	1	0
255	87.7794	88.3326	F5	33	80	0	0
256	87.7794	88.3326	A#5	33	80	0	0
257	87.7794	88.3326	F6	33	80	0	0
258	88.335	88.8328	D#4	33	80	1	0
259	88.335	88.8328	F#4	33	80	1	0
260	88.335	88.8328	A#4	33	80	1	0
261	88.335	88.8591	D#5	33	80	0	0
262	88.335	88.8591	A#5	33	80	0	0
263	88.335	88.8591	D#6	33	80	0	0
264	88.8613	89.3591	F4	33	80	1	0
265	88.8613	89.3591	F#4	33	80	1	0
266	88.8613	89.3591	A#4	33	80	1	0
267	88.8613	89.3854	F5	33	80	0	0
268	88.8613	89.3854	A#5	33	80	0	0
269	88.8613	89.3854	F6	33	80	0	0
270	89.3876	89.8854	D#4	33	80	1	0
271	89.3876	89.8854	F#4	33	80	1	0
272	89.3876	89.8854	A#4	33	80	1	0
273	89.3876	89.9117	D#5	33	80	0	0
274	89.3876	89.9117	A#5	33	80	0	0
275	89.3876	89.9117	D#6	33	80	0	0
276	89.9139	90.3868	C#4	33	80	1	0
277	89.9139	90.3868	F#4	33	80	1	0
278	89.9139	90.3868	A#4	33	80	1	0
279	89.9139	90.4118	C#5	33	80	0	0
280	89.9139	90.4118	A#5	33	80	0	0
281	89.9139	90.4118	C#6	33	80	0	0
282	90.4139	90.8868	D#4	33	80	1	0
283	90.4139	90.8868	F#4	33	80	1	0
284	90.4139	90.8868	A#4	33	80	1	0
285	90.4139	90.9118	D#5	33	80	0	0
286	90.4139	90.9118	A#5	33	80	0	0
287	90.4139	90.9118	D#6	33	80	0	0
288	90.9139	91.3868	C#4	33	80	1	0
289	90.9139	91.3868	F#4	33	80	1	0
290	90.9139	91.3868	A#4	33	80	1	0
291	90.9139	91.4118	C#5	33	80	0	0
292	90.9139	91.4118	A#5	33	80	0	0
293	90.9139	91.4118	C#6	33	80	0	0
294	91.4139	92.1617	C4	33	80	1	0
295	91.4139	92.1617	F#4	33	80	1	0
296	91.4139	92.1617	A#4	33	80	1	0
297	91.4139	92.2012	A#5	33	80	0	0
298	91.4139	92.2012	C6	33	80	0	0
299	92.2034	92.9927	C#4	33	80	1	0
300	92.2034	92.9927	F#4	33	80	1	0
301	92.2034	92.9927	A#4	33	80	1	0
302	92.2034	92.2659	D#6	33	80	0	0
303	92.2682	93.0321	C#5	33	80	0	0
304	92.2682	93.0321	A#5	33	80	0	0
305	92.2682	93.0321	C#6	33	80	0	0
306	93.0367	94.6177	A#3	33	80	1	0
307	93.0367	94.6177	D#4	33	80	1	0
308	93.0367	94.6177	F#4	33	80	1	0
309	93.0367	95.4117	A#4	33	80	0	0
310	93.0367	95.4117	F#5	33	80	0	0
311	93.0367	95.4117	A#5	33	80	0	0
312	94.7034	97.7012	G#1	33	80	1	0
313	94.7034	97.7012	G#2	33	80	1	0
314	95.4929	96.2801	F#3	34	80	1	0
315	95.4929	96.2801	F#4	34	80	0	0
316	95.4929	96.2801	F#5	34	80	0	0
317	96.2823	97.0696	G#3	35	80	1	0
318	96.2823	97.0718	C4	35	80	1	0
319	96.2823	97.8591	D#4	35	80	1	0
320	96.2823	97.0696	G#4	35	80	0	0
321	96.2823	97.0696	D#5	35	80	0	0
322	96.2823	97.0696	G#5	35	80	0	0
323	97.0718	97.8591	C4	36	80	1	0
324	97.0718	97.8591	C5	36	80	0	0
325	97.0718	97.8591	C6	36	80	0	0
326	97.8613	98.6486	A#3	38	80	1	0
327	97.8613	99.438	D#4	38	80	1	0
328	97.8613	98.6508	F#4	38	80	1	0
329	97.8613	98.6486	A#4	38	80	0	0
330	97.8613	98.6486	F#5	38	80	0	0
331	97.8613	98.6486	A#5	38	80	0	0
332	98.6508	99.3986	F#3	39	80	1	0
333	98.6508	99.438	F#4	39	80	0	0
334	98.6508	99.3986	F#5	39	80	0	0
335	99.4402	102.288	A1	40	80	1	0
336	99.4402	102.288	A2	40	80	1	0
337	99.9402	100.438	F#3	41	80	1	0
338	99.9402	100.438	C4	41	80	1	0
339	99.9402	100.438	D#4	41	80	1	0
340	99.9402	100.438	F#4	41	80	0	0
341	99.9402	100.438	C5	41	80	0	0
342	99.9402	100.438	D#5	41	80	0	0
343	99.9402	100.438	F#5	41	80	0	0
344	100.44	100.938	F#3	42	80	1	0
345	100.44	100.938	C4	42	80	1	0
346	100.44	100.938	D#4	42	80	1	0
347	100.44	100.938	F#4	42	80	0	0
348	100.44	100.938	C5	42	80	0	0
349	100.44	100.938	D#5	42	80	0	0
350	100.44	100.938	F#5	42	80	0	0
351	100.94	101.438	F#3	43	80	1	0
352	100.94	101.438	C4	43	80	1	0
353	100.94	101.438	D#4	43	80	1	0
354	100.94	101.438	F#4	43	80	0	0
355	100.94	101.438	C5	43	80	0	0
356	100.94	101.438	D#5	43	80	0	0
357	100.94	101.438	F#5	43	80	0	0
358	101.44	101.938	F#3	44	80	1	0
359	101.44	101.938	C4	44	80	1	0
360	101.44	101.938	D#4	44	80	1	0
361	101.44	101.938	F#4	44	80	0	0
362	101.44	101.938	C5	44	80	0	0
363	101.44	101.938	D#5	44	80	0	0
364	101.44	101.938	F#5	44	80	0	0
365	101.94	102.438	G#3	45	80	1	0
366	101.94	102.438	C4	45	80	1	0
367	101.94	102.438	D#4	45	80	1	0
368	101.94	102.438	G#4	45	80	0	0
369	101.94	102.438	C5	45	80	0	0
370	101.94	102.438	D#5	45	80	0	0
371	101.94	102.438	G#5	45	80	0	0
372	102.44	103.938	F#3	46	80	1	0
373	102.44	103.938	C4	46	80	1	0
374	102.44	103.938	D#4	46	80	1	0
375	102.44	103.938	F#4	46	80	0	0
376	102.44	103.938	C5	46	80	0	0
377	102.44	103.938	D#5	46	80	0	0
378	102.44	103.938	F#5	46	80	0	0
379	103.94	106.653	A#1	48	80	1	0
380	103.94	106.653	A#2	48	80	1	0
381	104.655	105.331	F#3	49	80	1	0
382	104.655	106.688	A#3	49	80	1	0
383	104.655	106.083	C#4	49	80	1	0
384	104.655	105.367	F#4	49	80	0	0
385	104.655	106.083	C#5	49	80	0	0
386	104.655	105.367	F#5	49	80	0	0
387	105.369	106.045	G#3	51	80	1	0
388	105.369	106.081	G#4	51	80	0	0
389	105.369	106.081	G#5	51	80	0	0
390	106.083	106.76	C#4	52	80	1	0
391	106.083	106.795	C#5	52	80	0	0
392	106.083	106.795	C#6	52	80	0	0
393	106.797	107.474	A#3	53	80	1	0
394	106.797	108.153	C#4	53	80	1	0
395	106.797	107.512	F#4	53	80	1	0
396	106.797	107.51	A#4	53	80	0	0
397	106.797	107.512	F#5	53	80	0	0
398	106.797	107.51	A#5	53	80	0	0
399	107.512	108.188	F#3	55	80	1	0
400	107.512	108.188	F#4	55	80	0	0
401	107.512	108.224	F#5	55	80	0	0
402	108.226	110.815	C2	56	80	1	0
403	108.226	110.815	C3	56	80	1	0
404	108.68	109.133	F#3	57	80	1	0
405	108.68	109.133	A#3	57	80	1	0
406	108.68	109.133	D#4	57	80	1	0
407	108.68	109.133	F#4	57	80	0	0
408	108.68	109.133	A#4	57	80	0	0
409	108.68	109.133	D#5	57	80	0	0
410	108.68	109.133	F#5	57	80	0	0
411	109.135	109.588	F#3	58	80	1	0
412	109.135	109.588	A#3	58	80	1	0
413	109.135	109.588	D#4	58	80	1	0
414	109.135	109.588	F#4	58	80	0	0
415	109.135	109.588	A#4	58	80	0	0
416	109.135	109.588	D#5	58	80	0	0
417	109.135	109.588	F#5	58	80	0	0
418	109.59	110.042	F#3	59	80	1	0
419	109.59	110.042	A#3	59	80	1	0
420	109.59	110.042	D#4	59	80	1	0
421	109.59	110.042	F#4	59	80	0	0
422	109.59	110.042	A#4	59	80	0	0
423	109.59	110.042	D#5	59	80	0	0
424	109.59	110.042	F#5	59	80	0	0
425	110.044	110.497	F#3	59	80	1	0
426	110.044	110.497	A#3	59	80	1	0
427	110.044	110.497	D#4	59	80	1	0
428	110.044	110.497	F#4	59	80	0	0
429	110.044	110.497	A#4	59	80	0	0
430	110.044	110.497	D#5	59	80	0	0
431	110.044	110.497	F#5	59	80	0	0
432	110.499	110.951	G#3	60	80	1	0
433	110.499	110.951	C4	60	80	1	0
434	110.499	110.951	F4	60	80	1	0
435	110.499	110.951	G#4	60	80	0	0
436	110.499	110.951	C5	60	80	0	0
437	110.499	110.951	F5	60	80	0	0
438	110.499	110.951	G#5	60	80	0	0
439	110.953	112.315	F#3	61	80	1	0
440	110.953	112.315	A#3	61	80	1	0
441	110.953	112.315	D#4	61	80	1	0
442	110.953	112.315	F#4	61	80	0	0
443	110.953	112.315	A#4	61	80	0	0
444	110.953	112.315	D#5	61	80	0	0
445	110.953	112.315	F#5	61	80	0	0
446	112.317	114.793	C#2	64	80	1	0
447	112.317	114.793	C#3	64	80	1	0
448	112.969	113.587	F#3	65	80	1	0
449	112.969	114.826	A#3	65	80	1	0
450	112.969	114.826	C#4	65	80	1	0
451	112.969	113.619	F#4	65	80	0	0
452	112.969	114.924	A#4	65	80	0	0
453	112.969	114.924	C#5	65	80	0	0
454	112.969	113.619	F#5	65	80	0	0
455	113.621	114.239	G#3	66	80	1	0
456	113.621	114.272	G#4	66	80	0	0
457	113.621	114.272	G#5	66	80	0	0
458	114.273	114.891	D#4	68	80	1	0
459	114.273	114.924	D#5	68	80	0	0
460	114.273	114.924	D#6	68	80	0	0
461	114.926	115.543	C#4	69	80	1	0
462	114.926	116.163	F#4	69	80	1	0
463	114.926	115.578	A#4	69	80	1	0
464	114.926	115.576	C#5	69	80	0	0
465	114.926	116.228	F#5	69	80	0	0
466	114.926	115.578	A#5	69	80	0	0
467	114.926	115.576	C#6	69	80	0	0
468	115.578	116.195	A#3	70	80	1	0
469	115.578	116.195	A#4	70	80	0	0
470	115.578	116.228	A#5	70	80	0	0
471	116.23	118.603	D#2	72	80	1	0
472	116.23	118.603	D#3	72	80	1	0
473	116.647	117.041	A#3	73	80	1	0
474	116.647	117.041	C#4	73	80	1	0
475	116.647	117.041	F#4	73	80	1	0
476	116.647	117.061	A#4	73	80	0	0
477	116.647	117.061	F#5	73	80	0	0
478	116.647	117.061	A#5	73	80	0	0
479	117.063	117.457	A#3	73	80	1	0
480	117.063	117.457	C#4	73	80	1	0
481	117.063	117.457	F#4	73	80	1	0
482	117.063	117.478	A#4	73	80	0	0
483	117.063	117.478	F#5	73	80	0	0
484	117.063	117.478	A#5	73	80	0	0
485	117.48	117.874	A#3	74	80	1	0
486	117.48	117.874	C#4	74	80	1	0
487	117.48	117.874	F#4	74	80	1	0
488	117.48	117.895	A#4	74	80	0	0
489	117.48	117.895	F#5	74	80	0	0
490	117.48	117.895	A#5	74	80	0	0
491	117.897	118.291	A#3	75	80	1	0
492	117.897	118.291	C#4	75	80	1	0
493	117.897	118.291	F#4	75	80	1	0
494	117.897	118.311	A#4	75	80	0	0
495	117.897	118.311	F#5	75	80	0	0
496	117.897	118.311	A#5	75	80	0	0
497	118.313	118.707	C4	76	80	1	0
498	118.313	118.707	D#4	76	80	1	0
499	118.313	118.707	G#4	76	80	1	0
500	118.313	118.728	C5	76	80	0	0
501	118.313	118.728	G#5	76	80	0	0
502	118.313	118.728	C6	76	80	0	0
503	118.73	119.124	A#3	77	80	1	0
504	118.73	119.124	C#4	77	80	1	0
505	118.73	119.124	F#4	77	80	1	0
506	118.73	119.145	A#4	77	80	0	0
507	118.73	119.145	F#5	77	80	0	0
508	118.73	119.145	A#5	77	80	0	0
509	119.147	119.541	C#4	78	80	1	0
510	119.147	119.541	F#4	78	80	1	0
511	119.147	119.541	A#4	78	80	1	0
512	119.147	119.561	C#5	78	80	0	0
513	119.147	119.561	A#5	78	80	0	0
514	119.147	119.561	C#6	78	80	0	0
515	119.563	119.957	D#4	79	80	1	0
516	119.563	119.957	F#4	79	80	1	0
517	119.563	119.957	A#4	79	80	1	0
518	119.563	119.957	D#5	79	80	0	0
519	119.563	119.957	A#5	79	80	0	0
520	119.563	119.957	D#6	79	80	0	0
521	119.98	122.55	F4	80	80	1	0
522	120.076	122.548	G#4	80	80	1	0
523	120.176	122.548	C#5	79	80	1	0
524	120.278	122.548	F5	79	80	1	0
525	120.375	122.548	G#5	78	80	1	0
526	120.478	122.548	C#6	77	80	1	0
527	120.576	122.548	G#6	77	80	1	0
528	122.551	123.913	E4	65	80	1	0
529	122.648	123.911	G#4	64	80	1	0
530	122.75	123.911	A#4	64	80	1	0
531	122.849	123.911	C#5	63	80	1	0
532	122.949	123.911	E5	63	80	1	0
533	123.049	123.911	G#5	62	80	1	0
534	123.15	123.911	C#6	61	80	1	0
535	123.25	123.911	G#6	61	80	1	0
536	123.915	126.77	D#4	57	80	1	0
537	124.01	126.768	F#4	56	80	1	0
538	124.111	126.768	G#4	56	80	1	0
539	124.211	126.768	C#5	55	80	1	0
540	124.312	126.768	D#5	55	80	1	0
541	124.411	126.768	G#5	54	80	1	0
542	124.51	126.768	C#6	54	80	1	0
543	124.611	126.768	G#6	53	80	1	0
544	126.772	126.972	G#3	41	80	1	0
545	126.987	127.197	D#4	40	80	1	0
546	127.213	127.423	F#4	39	80	1	0
547	127.438	127.649	C5	38	80	1	0
548	127.662	127.948	G#4	37	80	1	0
549	127.969	128.469	D#5	36	80	1	0
550	128.505	129.838	G#5	35	80	1	0
551	129.929	130.865	C#2	33	80	1	0
552	129.929	131.647	F4	33	80	0	0
553	129.929	131.802	G#4	33	80	0	0
554	130.085	130.24	G#2	33	80	1	0
555	130.241	130.396	C#3	33	80	1	0
556	130.397	130.552	F3	33	80	1	0
557	130.554	130.709	G#3	33	80	1	0
558	130.71	130.857	C#4	33	80	1	0
559	130.866	131.802	F2	33	80	1	0
560	131.022	131.177	C3	33	80	1	0
561	131.179	131.334	F3	33	80	1	0
562	131.335	131.49	G#3	33	80	1	0
563	131.491	131.646	C4	33	80	1	0
564	131.647	131.802	F4	33	80	1	0
565	131.804	132.74	G#2	33	80	1	0
566	131.804	132.585	G#4	33	80	0	0
567	131.804	132.427	B4	33	80	0	0
568	131.96	132.115	E3	33	80	1	0
569	132.116	132.271	G#3	33	80	1	0
570	132.272	132.427	B3	33	80	1	0
571	132.429	132.584	E4	33	80	1	0
572	132.429	132.724	C#5	33	80	0	0
573	132.585	132.74	G#4	33	80	1	0
574	132.741	133.677	C#2	33	80	1	0
575	132.741	134.46	F4	33	80	0	0
576	132.741	134.615	G#4	33	80	0	0
577	132.897	133.052	G#2	33	80	1	0
578	133.054	133.209	C#3	33	80	1	0
579	133.21	133.365	F3	33	80	1	0
580	133.366	133.521	G#3	33	80	1	0
581	133.522	133.67	C#4	33	80	1	0
582	133.679	134.615	F2	33	80	1	0
583	133.835	133.99	C3	33	80	1	0
584	133.991	134.146	F3	33	80	1	0
585	134.147	134.302	G#3	33	80	1	0
586	134.304	134.459	C4	33	80	1	0
587	134.46	134.615	F4	33	80	1	0
588	134.616	135.552	G#2	33	80	1	0
589	134.616	135.24	G#4	33	80	0	0
590	134.616	135.24	B4	33	80	0	0
591	134.772	134.927	E3	33	80	1	0
592	134.929	135.084	G#3	33	80	1	0
593	135.085	135.24	B3	33	80	1	0
594	135.241	135.537	G#4	33	80	0	0
595	135.397	135.545	E4	33	80	1	0
596	135.554	135.709	C#2	33	80	1	0
597	135.554	136.177	F4	33	80	0	0
598	135.554	136.177	C#5	33	80	0	0
599	135.71	135.865	G#2	33	80	1	0
600	135.866	136.021	C#3	33	80	1	0
601	136.022	136.177	F3	34	80	1	0
602	136.179	136.334	G#3	34	80	1	0
603	136.179	136.49	G#4	34	80	0	0
604	136.179	136.49	D#5	34	80	0	0
605	136.335	136.49	C#4	35	80	1	0
606	136.491	136.646	F4	35	80	1	0
607	136.491	137.427	C#5	35	80	0	0
608	136.491	137.427	F5	35	80	0	0
609	136.647	136.802	G#4	36	80	1	0
610	136.804	136.959	F4	36	80	1	0
611	136.96	137.115	C#4	37	80	1	0
612	137.116	137.271	G#3	37	80	1	0
613	137.272	137.427	F3	37	80	1	0
614	137.429	137.584	G#3	38	80	1	0
615	137.429	138.052	F4	38	80	0	0
616	137.429	138.052	C#5	38	80	0	0
617	137.585	137.74	F3	38	80	1	0
618	137.741	137.896	C#3	39	80	1	0
619	137.897	138.052	G#2	39	80	1	0
620	138.054	138.209	C#3	40	80	1	0
621	138.054	138.349	C#5	40	80	0	0
622	138.054	138.349	F5	40	80	0	0
623	138.21	138.357	G#2	40	80	1	0
624	138.366	138.521	D#2	41	80	1	0
625	138.366	138.677	D#5	41	80	0	0
626	138.366	138.677	G5	41	80	0	0
627	138.522	138.677	A#2	41	80	1	0
628	138.679	138.834	D#3	41	80	1	0
629	138.679	138.99	C#5	41	80	0	0
630	138.679	138.99	F5	41	80	0	0
631	138.835	138.99	G3	42	80	1	0
632	138.991	139.146	A#3	42	80	1	0
633	138.991	139.302	A#4	42	80	0	0
634	138.991	139.302	C#5	42	80	0	0
635	139.147	139.302	D#4	43	80	1	0
636	139.304	139.615	G4	43	80	0	0
637	139.304	140.24	A#4	43	80	0	0
638	139.304	140.24	C#5	43	80	0	0
639	139.46	139.615	D#4	44	80	1	0
640	139.616	139.771	A#3	44	80	1	0
641	139.616	139.927	F4	44	80	0	0
642	139.772	139.927	G3	45	80	1	0
643	139.929	140.084	D#3	45	80	1	0
644	139.929	140.24	C#4	45	80	0	0
645	140.085	140.24	A#2	45	80	1	0
646	140.241	140.396	D#2	46	80	1	0
647	140.241	140.709	C#4	46	80	0	0
648	140.397	140.552	A#2	46	80	1	0
649	140.554	140.709	D#3	47	80	1	0
650	140.71	140.865	G3	47	80	1	0
651	140.71	141.154	A#3	47	80	0	0
652	140.866	141.021	D#3	48	80	1	0
653	141.022	141.17	A#2	48	80	1	0
654	141.179	142.115	G#2	49	80	1	0
655	141.179	143.052	A#4	49	80	0	0
656	141.335	141.49	D#3	49	80	1	0
657	141.491	141.646	F#3	49	80	1	0
658	141.647	141.802	A#3	49	80	1	0
659	141.804	141.959	C4	49	80	1	0
660	141.96	142.107	F#4	49	80	1	0
661	142.116	143.052	F#2	49	80	1	0
662	142.272	142.427	C#3	49	80	1	0
663	142.429	142.584	F#3	49	80	1	0
664	142.585	142.74	A#3	49	80	1	0
665	142.741	142.896	C#4	49	80	1	0
666	142.897	143.045	F#4	49	80	1	0
667	143.054	143.99	F2	49	80	1	0
668	143.054	143.677	C5	49	80	0	0
669	143.21	143.365	C3	49	80	1	0
670	143.366	143.521	F3	49	80	1	0
671	143.522	143.677	G#3	49	80	1	0
672	143.679	143.974	C4	49	80	1	0
673	143.679	143.826	G#4	49	80	0	0
674	143.679	143.974	F5	49	80	0	0
675	143.835	143.982	F4	49	80	0	0
676	143.991	144.927	G#2	49	80	1	0
677	143.991	145.865	A#4	49	80	0	0
678	144.147	144.302	D#3	49	80	1	0
679	144.304	144.459	F#3	49	80	1	0
680	144.46	144.615	A#3	49	80	1	0
681	144.616	144.771	C4	49	80	1	0
682	144.772	144.92	F#4	49	80	1	0
683	144.929	145.865	F#2	49	80	1	0
684	145.085	145.24	C#3	49	80	1	0
685	145.241	145.396	F#3	49	80	1	0
686	145.397	145.552	A#3	49	80	1	0
687	145.554	145.709	C#4	49	80	1	0
688	145.71	145.857	F#4	49	80	1	0
689	145.866	146.802	F2	49	80	1	0
690	145.866	146.49	C5	49	80	0	0
691	146.022	146.177	C3	49	80	1	0
692	146.179	146.334	F3	49	80	1	0
693	146.335	146.49	G#3	49	80	1	0
694	146.491	146.787	C4	49	80	1	0
695	146.491	146.638	G#4	49	80	0	0
696	146.491	146.787	F5	49	80	0	0
697	146.647	146.795	F4	49	80	0	0
698	146.804	147.74	D#2	49	80	1	0
699	146.804	148.209	F#5	49	80	0	0
700	146.96	147.115	A#2	49	80	1	0
701	147.116	147.271	D#3	49	80	1	0
702	147.272	147.427	F#3	49	80	1	0
703	147.429	147.584	A#3	49	80	1	0
704	147.585	147.732	D#4	49	80	1	0
705	147.741	147.897	F#4	49	80	1	0
706	147.897	148.209	F#4	49	80	0	0
707	148.054	148.209	A#4	49	80	0	0
708	148.21	148.677	F4	49	80	1	0
709	148.21	148.677	F5	49	80	0	0
710	148.366	148.521	F#4	49	80	0	0
711	148.522	148.677	A#4	49	80	0	0
712	148.679	149.146	D4	49	80	1	0
713	148.679	149.146	D5	49	80	0	0
714	148.835	148.99	F#4	49	80	0	0
715	148.991	149.146	A#4	49	80	0	0
716	149.147	149.591	D#4	49	80	1	0
717	149.147	149.615	D#5	49	80	0	0
718	149.304	149.459	F#4	49	80	0	0
719	149.46	149.615	A#4	49	80	0	0
720	149.616	150.552	D4	49	80	1	0
721	149.616	150.397	A#5	49	80	0	0
722	149.772	149.927	F#4	49	80	1	0
723	149.929	150.084	A#4	49	80	1	0
724	150.085	150.24	A#4	49	80	1	0
725	150.241	150.396	F#5	49	80	1	0
726	150.397	151.335	A#5	49	80	1	0
727	150.554	151.49	D#4	49	80	1	0
728	150.71	150.865	F#4	49	80	1	0
729	150.866	151.021	A#4	49	80	1	0
730	151.022	151.177	A#4	49	80	1	0
731	151.179	151.334	F#5	49	80	1	0
732	151.335	151.49	A#5	49	80	1	0
733	151.491	152.427	G#3	49	80	1	0
734	151.491	151.646	C4	49	80	1	0
735	151.491	152.272	G#5	49	80	0	0
736	151.647	151.802	E4	49	80	1	0
737	151.804	151.959	G#4	49	80	1	0
738	151.96	152.115	C5	49	80	1	0
739	152.116	152.271	E5	49	80	1	0
740	152.272	152.42	G#5	49	80	1	0
741	152.429	153.365	C#3	49	80	1	0
742	152.429	154.147	F5	49	80	0	0
743	152.429	154.302	G#5	49	80	0	0
744	152.585	152.74	G#3	49	80	1	0
745	152.741	152.896	C#4	49	80	1	0
746	152.897	153.052	F4	50	80	1	0
747	153.054	153.209	G#4	50	80	1	0
748	153.21	153.357	C#5	51	80	1	0
749	153.366	154.302	F3	51	80	1	0
750	153.366	153.521	G#3	51	80	1	0
751	153.522	153.677	C4	52	80	1	0
752	153.679	153.834	F4	52	80	1	0
753	153.835	153.99	G#4	52	80	1	0
754	153.991	154.146	C5	53	80	1	0
755	154.147	154.302	F5	53	80	1	0
756	154.304	155.24	G#3	54	80	1	0
757	154.304	154.459	B3	54	80	1	0
758	154.304	154.927	G#5	54	80	0	0
759	154.304	154.927	B5	54	80	0	0
760	154.46	154.615	E4	54	80	1	0
761	154.616	154.771	G#4	55	80	1	0
762	154.772	154.927	B4	55	80	1	0
763	154.929	155.084	E5	55	80	1	0
764	154.929	155.224	C#6	55	80	0	0
765	155.085	155.232	G#5	56	80	1	0
766	155.241	156.177	C#3	56	80	1	0
767	155.241	156.96	F5	56	80	0	0
768	155.241	157.115	G#5	56	80	0	0
769	155.397	155.552	G#3	57	80	1	0
770	155.554	155.709	C#4	57	80	1	0
771	155.71	155.865	F4	58	80	1	0
772	155.866	156.021	G#4	58	80	1	0
773	156.022	156.17	C#5	59	80	1	0
774	156.179	157.115	F3	59	80	1	0
775	156.179	156.334	G#3	59	80	1	0
776	156.335	156.49	C4	59	80	1	0
777	156.491	156.646	F4	60	80	1	0
778	156.647	156.802	G#4	60	80	1	0
779	156.804	156.959	C5	61	80	1	0
780	156.96	157.115	F5	61	80	1	0
781	157.116	158.052	G#3	62	80	1	0
782	157.116	157.271	B3	62	80	1	0
783	157.116	157.74	G#5	62	80	0	0
784	157.116	157.74	B5	62	80	0	0
785	157.272	157.427	E4	62	80	1	0
786	157.429	157.584	G#4	62	80	1	0
787	157.585	157.74	B4	63	80	1	0
788	157.741	158.037	G#5	63	80	0	0
789	157.897	158.045	E5	64	80	1	0
790	158.054	158.935	B3	64	80	1	0
791	158.054	158.2	C#4	64	80	1	0
792	158.054	158.641	C#6	64	80	0	0
793	158.201	158.347	E4	65	80	1	0
794	158.348	158.494	G#4	65	80	1	0
795	158.495	158.913	B4	65	80	1	0
796	158.495	158.641	C#5	65	80	0	0
797	158.642	158.92	G#5	66	80	0	0
798	158.789	158.928	E5	66	80	0	0
799	158.936	159.817	C#4	67	80	1	0
800	158.936	159.082	E4	67	80	1	0
801	158.936	159.523	E6	67	80	0	0
802	159.083	159.229	G#4	67	80	1	0
803	159.23	159.376	B4	68	80	1	0
804	159.377	159.795	C#5	68	80	1	0
805	159.377	159.523	E5	68	80	0	0
806	159.524	159.803	C#6	69	80	0	0
807	159.671	159.81	G#5	69	80	0	0
808	159.818	160.7	E4	69	80	1	0
809	159.818	159.964	G#4	69	80	1	0
810	159.818	160.405	G#6	69	80	0	0
811	159.965	160.111	B4	70	80	1	0
812	160.113	160.258	C#5	70	80	1	0
813	160.26	160.678	E5	71	80	1	0
814	160.26	160.405	G#5	71	80	0	0
815	160.407	160.685	E6	71	80	0	0
816	160.554	160.692	B5	72	80	0	0
817	160.701	161.582	G#4	72	80	1	0
818	160.701	161.582	G#6	72	80	0	0
819	160.848	160.994	A4	72	80	1	0
820	160.995	161.141	C#5	73	80	1	0
821	161.142	161.288	G#5	73	80	1	0
822	161.289	161.435	C#6	74	80	1	0
823	161.436	161.575	A5	74	80	1	0
824	161.583	162.464	F#4	75	80	1	0
825	161.583	163.258	F#6	75	80	0	0
826	161.73	161.876	A4	75	80	1	0
827	161.877	162.023	C#5	75	80	1	0
828	162.024	162.17	F#5	76	80	1	0
829	162.171	162.317	C#6	76	80	1	0
830	162.318	162.457	A5	77	80	1	0
831	162.465	163.347	F4	77	80	1	0
832	162.465	162.611	F#4	77	80	1	0
833	162.613	162.758	A4	78	80	1	0
834	162.76	162.905	C#5	78	80	1	0
835	162.907	163.053	F#5	79	80	1	0
836	163.054	163.2	C#6	79	80	1	0
837	163.201	163.339	A5	79	80	1	0
838	163.348	164.229	E4	80	80	1	0
839	163.348	163.494	F#4	80	80	1	0
840	163.348	165.111	F#6	80	80	0	0
841	163.495	163.641	A4	80	80	1	0
842	163.642	163.788	C#5	81	80	1	0
843	163.789	163.935	F#5	81	80	1	0
844	163.936	164.082	C#6	82	80	1	0
845	164.083	164.222	A5	82	80	1	0
846	164.23	165.111	D#4	82	80	1	0
847	164.23	164.376	F#4	82	80	1	0
848	164.377	164.523	A4	83	80	1	0
849	164.524	164.67	C#5	83	80	1	0
850	164.671	164.817	F#5	84	80	1	0
851	164.818	164.964	C#6	84	80	1	0
852	164.965	165.104	A5	85	80	1	0
853	165.113	165.994	C#4	85	80	1	0
854	165.113	165.258	E4	85	80	1	0
855	165.113	165.7	A6	85	80	0	0
856	165.26	165.405	A4	85	80	1	0
857	165.407	165.553	C#5	86	80	1	0
858	165.554	165.7	E5	86	80	1	0
859	165.701	165.979	C#7	87	80	0	0
860	165.848	165.986	C#6	87	80	1	0
861	165.995	166.876	B3	88	80	1	0
862	165.995	167.758	F#5	88	80	0	0
863	166.142	166.288	D#4	88	80	1	0
864	166.289	166.435	F#4	89	80	1	0
865	166.436	166.582	F#4	89	80	1	0
866	166.583	166.729	C#5	89	80	1	0
867	166.73	166.869	A4	90	80	1	0
868	166.877	167.758	A3	90	80	1	0
869	167.024	167.17	C#4	91	80	1	0
870	167.171	167.317	E4	91	80	1	0
871	167.318	167.464	F#4	92	80	1	0
872	167.465	167.611	C#5	92	80	1	0
873	167.613	167.751	A4	92	80	1	0
874	167.76	168.641	G#3	93	80	1	0
875	167.76	168.347	A5	93	80	0	0
876	167.907	168.053	C#4	93	80	1	0
877	168.054	168.2	E4	94	80	1	0
878	168.201	168.347	A4	94	80	1	0
879	168.348	168.494	E5	95	80	1	0
880	168.348	168.626	C#6	95	80	0	0
881	168.495	168.633	A5	95	80	1	0
882	168.642	171.142	F#3	96	80	1	0
883	168.642	168.935	C#6	96	80	0	0
884	168.642	168.935	E6	96	80	0	0
885	168.789	168.935	C#4	96	80	1	0
886	168.936	169.082	E4	96	80	1	0
887	168.936	169.229	B5	96	80	0	0
888	168.936	169.229	D#6	96	80	0	0
889	169.083	169.229	F#4	96	80	1	0
890	169.23	169.376	A4	96	80	1	0
891	169.23	169.523	A5	96	80	0	0
892	169.23	169.523	C#6	96	80	0	0
893	169.377	169.523	C#5	96	80	1	0
894	169.524	169.67	E5	96	80	1	0
895	169.524	169.964	G#5	96	80	0	0
896	169.524	169.964	B5	96	80	0	0
897	169.671	169.817	F#5	96	80	1	0
898	169.818	169.964	E5	96	80	1	0
899	169.965	170.111	C#5	96	80	1	0
900	169.965	170.7	F#5	96	80	0	0
901	169.965	170.7	A5	96	80	0	0
902	170.113	170.258	A4	96	80	1	0
903	170.26	170.398	F#4	96	80	1	0
904	170.407	170.553	E4	96	80	1	0
905	170.554	170.7	F#4	96	80	1	0
906	170.701	170.847	E4	96	80	1	0
907	170.701	170.994	E5	96	80	0	0
908	170.701	170.994	G#5	96	80	0	0
909	170.848	170.994	C#4	96	80	1	0
910	170.995	171.141	A3	96	80	1	0
911	170.995	171.273	D#5	96	80	0	0
912	170.995	171.273	F#5	96	80	0	0
913	171.142	171.28	F#3	96	80	1	0
914	171.289	171.435	F#2	96	80	1	0
915	171.289	171.582	C#5	96	80	0	0
916	171.289	171.582	E5	96	80	0	0
917	171.436	171.582	C#3	93	80	1	0
918	171.583	171.729	E3	89	80	1	0
919	171.583	171.876	B4	89	80	0	0
920	171.583	171.876	D#5	89	80	0	0
921	171.73	171.876	F#3	86	80	1	0
922	171.877	172.023	A3	82	80	1	0
923	171.877	172.17	A4	82	80	0	0
924	171.877	172.17	C#5	82	80	0	0
925	172.024	172.17	C#4	79	80	1	0
926	172.171	172.317	E4	75	80	1	0
927	172.171	172.464	G#4	75	80	0	0
928	172.171	172.464	B4	75	80	0	0
929	172.318	172.464	C#4	72	80	1	0
930	172.465	172.611	A3	68	80	1	0
931	172.465	172.758	F#4	68	80	0	0
932	172.465	172.758	A4	68	80	0	0
933	172.613	172.758	F#3	65	80	1	0
934	172.76	172.905	E3	61	80	1	0
935	172.76	173.347	E4	61	80	0	0
936	172.76	173.347	G#4	61	80	0	0
937	172.907	173.045	C#3	58	80	1	0
938	173.054	173.2	F#2	54	80	1	0
939	173.054	173.935	A3	54	80	0	0
940	173.201	173.347	C#3	51	80	1	0
941	173.348	173.494	F#2	47	80	1	0
942	173.348	173.641	D#4	47	80	0	0
943	173.348	173.641	F#4	47	80	0	0
944	173.495	173.641	C#3	44	80	1	0
945	173.642	173.788	F#2	40	80	1	0
946	173.642	173.92	C#4	40	80	0	0
947	173.642	173.92	E4	40	80	0	0
948	173.789	173.928	C#3	37	80	1	0
949	173.936	174.082	G#2	33	80	1	0
950	173.936	174.523	F#3	33	80	0	0
951	173.936	175.407	C#4	33	80	0	0
952	173.936	175.7	D#4	33	80	0	0
953	174.083	174.229	D#3	33	80	1	0
954	174.23	174.376	G#2	33	80	1	0
955	174.377	174.523	D#3	33	80	1	0
956	174.524	174.67	G#2	33	80	1	0
957	174.524	174.817	G#3	33	80	0	0
958	174.671	174.817	D#3	33	80	1	0
959	174.818	174.964	G#2	33	80	1	0
960	174.818	175.405	A#3	33	80	0	0
961	174.965	175.111	D#3	33	80	1	0
962	175.113	175.258	G#2	33	80	1	0
963	175.26	175.405	D#3	33	80	1	0
964	175.407	175.553	G#2	33	80	1	0
965	175.407	175.7	C#4	33	80	0	0
966	175.554	175.7	D#3	33	80	1	0
967	175.701	175.847	G#2	33	80	1	0
968	175.701	176.582	C4	33	80	0	0
969	175.701	176.288	D#4	33	80	0	0
970	175.701	176.288	F#4	33	80	0	0
971	175.848	175.994	D#3	33	80	1	0
972	175.995	176.141	G#2	33	80	1	0
973	176.142	176.288	D#3	33	80	1	0
974	176.289	176.435	G#2	33	80	1	0
975	176.289	176.567	D#4	33	80	0	0
976	176.289	176.567	F#4	33	80	0	0
977	176.289	176.567	A#4	33	80	0	0
978	176.436	176.582	D#3	33	80	1	0
979	176.583	176.729	G#2	33	80	1	0
980	176.583	177.17	F#3	33	80	0	0
981	176.583	178.054	C#4	33	80	0	0
982	176.583	178.347	D#4	33	80	0	0
983	176.73	176.876	D#3	33	80	1	0
984	176.877	177.023	G#2	33	80	1	0
985	177.024	177.17	D#3	33	80	1	0
986	177.171	177.317	G#2	33	80	1	0
987	177.171	177.464	G#3	33	80	0	0
988	177.318	177.464	D#3	33	80	1	0
989	177.465	177.611	G#2	33	80	1	0
990	177.465	178.052	A#3	33	80	0	0
991	177.613	177.758	D#3	33	80	1	0
992	177.76	177.905	G#2	33	80	1	0
993	177.907	178.052	D#3	33	80	1	0
994	178.054	178.2	G#2	33	80	1	0
995	178.054	178.347	C#4	33	80	0	0
996	178.201	178.347	D#3	33	80	1	0
997	178.348	178.494	G#2	33	80	1	0
998	178.348	179.229	C4	33	80	0	0
999	178.348	178.935	D#4	33	80	0	0
1000	178.348	178.935	F#4	33	80	0	0
1001	178.495	178.641	D#3	33	80	1	0
1002	178.642	178.788	G#2	33	80	1	0
1003	178.789	178.935	D#3	33	80	1	0
1004	178.936	179.082	G#2	33	80	1	0
1005	178.936	179.214	D#4	33	80	0	0
1006	178.936	179.508	F#4	33	80	0	0
1007	178.936	179.508	A#4	33	80	0	0
1008	179.083	179.222	D#3	33	80	1	0
1009	179.23	179.376	G#2	33	80	1	0
1010	179.23	179.523	C#4	33	80	0	0
1011	179.377	179.523	D#2	33	80	1	0
1012	179.524	179.67	G#2	33	80	1	0
1013	179.524	179.817	G#4	33	80	0	0
1014	179.524	179.817	C5	33	80	0	0
1015	179.524	179.817	F5	33	80	0	0
1016	179.671	179.817	D#3	33	80	1	0
1017	179.818	179.964	G#2	33	80	1	0
1018	179.818	180.111	F#4	33	80	0	0
1019	179.818	180.111	A#4	33	80	0	0
1020	179.818	180.111	D#5	33	80	0	0
1021	179.965	180.111	D#3	33	80	1	0
1022	180.113	180.258	G#3	33	80	1	0
1023	180.113	180.405	C#4	33	80	0	0
1024	180.113	180.994	F#4	33	80	0	0
1025	180.113	180.994	A#4	33	80	0	0
1026	180.26	180.405	D#3	33	80	1	0
1027	180.407	180.552	G#3	33	80	1	0
1028	180.407	180.7	A#3	33	80	0	0
1029	180.554	180.7	D#4	33	80	1	0
1030	180.701	180.847	G#3	33	80	1	0
1031	180.701	180.994	C#4	33	80	0	0
1032	180.848	180.994	D#3	33	80	1	0
1033	180.995	181.141	G#3	33	80	1	0
1034	180.995	181.273	A#3	33	80	0	0
1035	180.995	181.832	F#4	33	80	0	0
1036	180.995	181.832	G#4	33	80	0	0
1037	181.142	181.288	D#3	33	80	1	0
1038	181.289	181.435	G#2	33	80	1	0
1039	181.289	181.567	C4	33	80	0	0
1040	181.436	181.582	D#3	33	80	1	0
1041	181.583	181.729	G#2	33	80	1	0
1042	181.583	181.861	D#4	33	80	0	0
1043	181.73	181.869	D#2	33	80	1	0
1044	181.877	182.023	G#2	33	80	1	0
1045	181.877	182.17	C#4	33	80	0	0
1046	181.877	182.17	F#4	33	80	0	0
1047	181.877	182.17	A#4	33	80	0	0
1048	182.024	182.17	D#2	33	80	1	0
1049	182.171	182.317	G#2	33	80	1	0
1050	182.171	182.464	G#4	33	80	0	0
1051	182.171	182.464	C5	33	80	0	0
1052	182.171	182.464	F5	33	80	0	0
1053	182.318	182.464	D#3	33	80	1	0
1054	182.465	182.611	G#2	33	80	1	0
1055	182.465	182.758	F#4	33	80	0	0
1056	182.465	182.758	A#4	33	80	0	0
1057	182.465	182.758	D#5	33	80	0	0
1058	182.613	182.758	D#3	33	80	1	0
1059	182.76	182.905	G#3	33	80	1	0
1060	182.76	183.052	C#4	33	80	0	0
1061	182.76	183.641	F#4	33	80	0	0
1062	182.76	183.641	A#4	33	80	0	0
1063	182.907	183.052	D#3	33	80	1	0
1064	183.054	183.2	G#3	33	80	1	0
1065	183.054	183.347	A#3	33	80	0	0
1066	183.201	183.347	D#4	33	80	1	0
1067	183.348	183.494	G#3	33	80	1	0
1068	183.348	183.641	C#4	33	80	0	0
1069	183.495	183.641	D#3	33	80	1	0
1070	183.642	183.788	G#3	33	80	1	0
1071	183.642	183.92	A#3	33	80	0	0
1072	183.642	184.479	F#4	33	80	0	0
1073	183.642	184.479	G#4	33	80	0	0
1074	183.789	183.935	D#3	33	80	1	0
1075	183.936	184.082	G#3	33	80	1	0
1076	183.936	184.214	C4	33	80	0	0
1077	184.083	184.229	D#3	33	80	1	0
1078	184.23	184.376	G#3	33	80	1	0
1079	184.23	184.508	D#4	33	80	0	0
1080	184.377	184.516	D#3	33	80	1	0
1081	184.524	185.111	F#3	33	80	1	0
1082	184.524	185.995	C#4	33	80	1	0
1083	184.524	186.288	D#5	33	80	0	0
1084	184.671	184.817	D#4	33	80	0	0
1085	184.818	184.964	F#4	33	80	0	0
1086	184.965	185.111	A#4	33	80	0	0
1087	185.113	185.405	G#3	33	80	1	0
1088	185.113	185.258	F#4	33	80	0	0
1089	185.26	185.405	D#4	33	80	0	0
1090	185.407	185.994	A#3	33	80	1	0
1091	185.554	185.7	D#4	33	80	0	0
1092	185.701	185.847	F#4	33	80	0	0
1093	185.848	185.994	A#4	33	80	0	0
1094	185.995	186.288	C#4	33	80	1	0
1095	185.995	186.141	F#4	33	80	0	0
1096	186.142	186.288	D#4	33	80	0	0
1097	186.289	187.17	C4	33	80	1	0
1098	186.289	186.876	F#5	33	80	0	0
1099	186.436	186.582	D#4	33	80	1	0
1100	186.583	186.729	F#4	33	80	1	0
1101	186.73	186.876	A#4	33	80	1	0
1102	186.877	187.023	C5	33	80	1	0
1103	186.877	187.155	A#5	33	80	0	0
1104	187.024	187.163	D#5	33	80	1	0
1105	187.171	187.758	F#3	33	80	1	0
1106	187.171	188.642	C#4	33	80	1	0
1107	187.171	188.935	D#5	33	80	0	0
1108	187.318	187.464	D#4	33	80	0	0
1109	187.465	187.611	F#4	33	80	0	0
1110	187.613	187.758	A#4	33	80	0	0
1111	187.76	188.052	G#3	33	80	1	0
1112	187.76	187.905	F#4	33	80	0	0
1113	187.907	188.052	D#4	33	80	0	0
1114	188.054	188.641	A#3	33	80	1	0
1115	188.201	188.347	D#4	33	80	0	0
1116	188.348	188.494	F#4	33	80	0	0
1117	188.495	188.641	A#4	33	80	0	0
1118	188.642	188.935	C#4	33	80	1	0
1119	188.642	188.788	F#4	33	80	0	0
1120	188.789	188.935	D#4	33	80	0	0
1121	188.936	189.817	C4	33	80	1	0
1122	188.936	189.523	F#5	33	80	0	0
1123	189.083	189.229	D#4	33	80	1	0
1124	189.23	189.376	F#4	33	80	1	0
1125	189.377	189.523	A#4	33	80	1	0
1126	189.524	189.67	C5	33	80	1	0
1127	189.524	189.802	A#5	33	80	0	0
1128	189.671	189.81	D#5	33	80	1	0
1129	189.818	190.701	F#4	33	80	1	0
1130	189.818	193.347	D#6	33	80	0	0
1131	189.965	190.111	A#4	33	80	1	0
1132	190.113	190.258	C#5	33	80	1	0
1133	190.26	190.405	D#5	33	80	1	0
1134	190.407	190.552	F#5	33	80	1	0
1135	190.554	190.692	A#5	33	80	1	0
1136	190.701	191.582	F#4	33	80	1	0
1137	190.848	190.994	A#4	33	80	1	0
1138	190.995	191.141	C#5	33	80	1	0
1139	191.142	191.288	D#5	33	80	1	0
1140	191.289	191.435	F#5	33	80	1	0
1141	191.436	191.575	C6	33	80	1	0
1142	191.583	192.464	F#4	33	80	1	0
1143	191.73	191.876	A#4	33	80	1	0
1144	191.877	192.023	C#5	33	80	1	0
1145	192.024	192.17	D#5	33	80	1	0
1146	192.171	192.317	F#5	33	80	1	0
1147	192.318	192.457	A#5	33	80	1	0
1148	192.465	193.348	F#4	33	80	1	0
1149	192.613	192.758	A4	33	80	1	0
1150	192.76	192.905	C#5	33	80	1	0
1151	192.907	193.052	D#5	33	80	1	0
1152	193.054	193.2	F#5	33	80	1	0
1153	193.201	193.339	A5	33	80	1	0
1154	193.348	194.229	F#4	33	80	1	0
1155	193.348	194.229	C#6	33	80	0	0
1156	193.495	193.641	A4	33	80	1	0
1157	193.642	193.788	C#5	33	80	1	0
1158	193.789	193.935	D#5	33	80	1	0
1159	193.936	194.082	F#5	33	80	1	0
1160	194.083	194.222	B5	33	80	1	0
1161	194.23	195.111	F#4	33	80	1	0
1162	194.23	195.067	D#6	33	80	0	0
1163	194.377	194.523	A4	33	80	1	0
1164	194.524	194.67	C#5	33	80	1	0
1165	194.671	194.817	D#5	33	80	1	0
1166	194.818	194.964	F#5	33	80	1	0
1167	194.965	195.104	A5	33	80	1	0
1168	195.113	197.361	F4	24	80	1	0
1169	195.3	195.486	G#4	24	80	1	0
1170	195.488	195.673	C5	24	80	1	0
1171	195.675	195.861	F5	24	80	1	0
1172	195.863	196.048	G#5	24	80	1	0
1173	196.05	196.236	C6	24	80	1	0
1174	196.238	197.361	F6	24	80	0	0
1175	196.238	197.361	G#6	24	80	0	0
1176	197.363	198.486	F4	24	80	1	0
1177	197.363	198.861	F6	24	80	0	0
1178	198.488	200.736	F4	24	80	1	0
1179	198.675	198.861	A4	24	80	1	0
1180	198.863	199.048	C5	24	80	1	0
1181	198.863	199.236	C6	24	80	0	0
1182	198.863	199.236	D#6	24	80	0	0
1183	199.05	199.236	D#5	24	80	1	0
1184	199.238	199.423	F5	24	80	1	0
1185	199.238	199.611	C#6	24	80	0	0
1186	199.238	199.611	F6	24	80	0	0
1187	199.425	199.602	A5	24	80	1	0
1188	199.613	202.123	C6	24	80	0	0
1189	199.613	202.123	D#6	24	80	0	0
1190	200.738	201.861	F4	24	80	1	0
1191	201.863	204.111	F4	24	80	1	0
1192	202.05	202.236	G#4	24	80	1	0
1193	202.238	202.423	A#4	24	80	1	0
1194	202.238	202.611	A#5	24	80	0	0
1195	202.238	202.611	C#6	24	80	0	0
1196	202.425	202.611	C#5	24	80	1	0
1197	202.613	202.798	F5	24	80	1	0
1198	202.613	202.986	C6	24	80	0	0
1199	202.613	202.986	D#6	24	80	0	0
1200	202.8	202.977	G#5	24	80	1	0
1201	202.988	203.548	A#5	24	80	0	0
1202	202.988	203.548	C#6	24	80	0	0
1203	203.55	204.674	C#6	24	80	0	0
1204	203.55	204.674	F6	24	80	0	0
1205	204.113	205.236	F4	24	80	1	0
1206	204.675	205.611	A#5	24	80	0	0
1207	204.675	205.611	C#6	24	80	0	0
1208	205.238	207.486	D#4	24	80	1	0
1209	205.425	205.611	F#4	24	80	1	0
1210	205.613	205.799	G#4	24	80	1	0
1211	205.613	205.986	G#5	24	80	0	0
1212	205.613	205.986	C6	24	80	0	0
1213	205.8	205.986	C5	24	80	1	0
1214	205.988	206.174	D#5	24	80	1	0
1215	205.988	206.361	A#5	24	80	0	0
1216	205.988	206.361	C#6	24	80	0	0
1217	206.175	206.352	F#5	24	80	1	0
1218	206.363	208.499	G#5	24	80	0	0
1219	206.363	208.499	C6	24	80	0	0
1220	207.488	208.611	D#4	24	80	1	0
1221	208.613	210.861	C#4	24	80	1	0
1222	208.8	208.986	D#4	24	80	1	0
1223	208.988	209.174	F#4	24	80	1	0
1224	208.988	209.361	F#5	24	80	0	0
1225	208.988	209.361	A#5	24	80	0	0
1226	209.175	209.361	A#4	24	80	1	0
1227	209.363	209.549	C#5	24	80	1	0
1228	209.363	209.736	G#5	24	80	0	0
1229	209.363	209.736	C6	24	80	0	0
1230	209.55	209.727	D#5	24	80	1	0
1231	209.738	210.861	F#5	24	80	0	0
1232	209.738	210.111	A#5	24	80	0	0
1233	210.113	210.486	D#6	24	80	0	0
1234	210.488	210.861	A#5	24	80	0	0
1235	210.863	211.986	C4	24	80	1	0
1236	210.863	212.361	F5	24	80	0	0
1237	210.863	211.236	G#5	24	80	0	0
1238	210.927	211.984	D#4	24	80	1	0
1239	210.994	211.984	F4	24	80	1	0
1240	211.061	211.984	G#4	24	80	1	0
1241	211.127	211.984	C5	24	80	1	0
1242	211.238	211.611	A#5	24	80	0	0
1243	211.613	212.342	G#5	24	80	0	0
1244	211.988	214.236	C3	24	80	1	0
1245	212.175	212.361	F#3	24	80	1	0
1246	212.363	212.549	A#3	24	80	1	0
1247	212.363	212.736	D#5	24	80	0	0
1248	212.363	212.736	F#5	24	80	0	0
1249	212.55	212.736	C4	24	80	1	0
1250	212.738	212.924	D#4	24	80	1	0
1251	212.738	213.111	F5	24	80	0	0
1252	212.738	213.111	G#5	24	80	0	0
1253	212.925	213.111	F#4	24	80	1	0
1254	213.113	214.236	A#4	24	80	1	0
1255	213.113	214.236	D#5	24	80	0	0
1256	213.113	214.236	F#5	24	80	0	0
1257	214.238	215.305	F3	24	80	1	0
1258	214.238	215.305	C4	24	80	1	0
1259	214.238	215.305	D#4	24	80	1	0
1260	214.238	215.305	A4	24	80	0	0
1261	214.238	215.68	F5	24	80	0	0
1262	215.363	217.611	G#3	24	80	1	0
1263	215.55	215.736	A#3	24	80	1	0
1264	215.738	215.924	C#4	24	80	1	0
1265	215.738	216.111	C#5	24	80	0	0
1266	215.738	216.111	F5	24	80	0	0
1267	215.925	216.111	F4	24	80	1	0
1268	216.113	216.299	G#4	24	80	1	0
1269	216.113	216.486	D#5	24	80	0	0
1270	216.113	216.486	F#5	24	80	0	0
1271	216.3	216.486	A#4	24	80	1	0
1272	216.488	217.611	C#5	24	80	0	0
1273	216.488	216.861	F5	24	80	0	0
1274	216.863	217.236	A#5	24	80	0	0
1275	217.238	217.611	F5	24	80	0	0
1276	217.613	218.736	F#3	24	80	1	0
1277	217.613	218.736	C#5	24	80	0	0
1278	217.613	217.986	D#5	24	80	0	0
1279	217.677	218.734	A#3	24	80	1	0
1280	217.744	218.734	C#4	24	80	1	0
1281	217.811	218.734	D#4	24	80	1	0
1282	217.988	218.361	F5	24	80	0	0
1283	218.363	219.111	D#5	24	80	0	0
1284	218.738	220.986	F3	24	80	1	0
1285	218.925	219.111	G#3	24	80	1	0
1286	219.113	219.299	A#3	24	80	1	0
1287	219.113	219.486	A#4	24	80	0	0
1288	219.113	219.486	C#5	24	80	0	0
1289	219.3	219.486	C#4	24	80	1	0
1290	219.488	219.674	F4	24	80	1	0
1291	219.488	219.861	C5	24	80	0	0
1292	219.488	219.861	D#5	24	80	0	0
1293	219.675	219.852	G#4	24	80	1	0
1294	219.863	220.986	A#4	24	80	0	0
1295	219.863	220.986	C#5	24	80	0	0
1296	220.988	221.52	D#3	24	80	1	0
1297	220.988	222.055	F#3	24	80	1	0
1298	220.988	222.055	C4	24	80	1	0
1299	220.988	222.055	G#4	24	80	0	0
1300	220.988	222.055	C5	24	80	0	0
1301	221.55	222.083	G#2	24	80	1	0
1302	222.113	223.611	C#2	33	80	1	0
1303	222.113	223.611	G#2	33	80	1	0
1304	222.488	222.861	F3	33	80	1	0
1305	222.488	222.861	G#3	33	80	1	0
1306	222.863	225.486	F4	33	80	1	0
1307	222.863	225.374	G#4	33	80	1	0
1308	223.238	225.486	B3	39	80	1	0
1309	223.238	224.361	F5	33	80	0	0
1310	223.238	224.361	G#5	33	80	0	0
1311	224.363	225.861	C#5	33	80	0	0
1312	224.363	225.861	F5	33	80	0	0
1313	225.488	226.911	F#2	33	80	1	0
1314	225.488	225.863	C#3	33	80	1	0
1315	225.863	228.711	C#3	33	80	1	0
1316	225.863	228.711	F#3	33	80	1	0
1317	225.863	228.711	A#3	33	80	1	0
1318	225.863	228.711	C#4	33	80	1	0
1319	225.863	228.749	F#4	33	80	0	0
1320	225.863	228.749	A#4	33	80	0	0
1321	225.863	226.236	D#5	33	80	0	0
1322	226.238	226.611	F5	33	80	0	0
1323	226.613	229.105	D#5	33	80	0	0
1324	228.863	230.999	G#2	33	80	1	0
1325	229.238	229.949	F3	33	80	1	0
1326	229.238	229.949	G#3	33	80	1	0
1327	229.238	229.611	C#4	33	80	0	0
1328	229.238	229.986	G#4	33	80	0	0
1329	229.238	229.611	C#5	33	80	0	0
1330	229.613	229.986	D#4	33	80	0	0
1331	229.613	229.986	D#5	33	80	0	0
1332	229.988	232.124	B3	33	80	1	0
1333	229.988	231.055	C#4	33	80	1	0
1334	229.988	231.055	F4	33	80	1	0
1335	229.988	231.111	G#4	33	80	0	0
1336	229.988	231.111	F5	33	80	0	0
1337	229.988	231.111	G#5	33	80	0	0
1338	231.113	232.18	C#4	33	80	1	0
1339	231.113	232.236	F4	33	80	0	0
1340	231.113	232.236	C#5	33	80	0	0
1341	231.113	232.611	F5	33	80	0	0
1342	232.238	233.661	A#2	33	80	1	0
1343	232.613	235.461	F3	33	80	1	0
1344	232.613	235.461	A#3	33	80	1	0
1345	232.613	234.392	D#4	33	80	1	0
1346	232.613	235.611	F4	33	80	0	0
1347	232.613	235.611	A#4	33	80	0	0
1348	232.613	232.986	D#5	33	80	0	0
1349	232.988	233.361	F5	33	80	0	0
1350	233.363	234.486	D#5	33	80	0	0
1351	234.488	235.555	C#4	33	80	1	0
1352	234.488	235.555	C#5	33	80	0	0
1353	235.613	238.817	F2	33	80	1	0
1354	235.988	236.736	G#3	33	80	0	0
1355	235.988	236.361	C#4	33	80	0	0
1356	236.363	236.736	D#4	33	80	0	0
1357	236.738	237.861	C#4	33	80	0	0
1358	236.738	237.861	F4	33	80	0	0
1359	236.738	237.861	A#4	33	80	0	0
1360	237.863	238.93	G#3	33	80	0	0
1361	237.863	238.93	C#4	33	80	0	0
1362	237.863	238.93	F4	33	80	0	0
1363	238.988	241.124	D#2	33	80	1	0
1364	239.363	240.111	A#3	33	80	0	0
1365	239.363	240.111	C#4	33	80	0	0
1366	239.363	239.736	F#4	33	80	0	0
1367	239.738	240.111	G#4	33	80	0	0
1368	240.113	241.236	D#3	33	80	1	0
1369	240.113	241.236	F#4	33	80	0	0
1370	240.113	241.236	A#4	33	80	0	0
1371	240.113	241.236	C#5	33	80	0	0
1372	241.238	242.305	C#4	33	80	0	0
1373	241.238	242.305	D#4	33	80	1	0
1374	241.238	242.305	F#4	33	80	0	0
1375	241.238	242.305	A#4	33	80	0	0
1376	242.363	244.611	G#2	33	80	1	0
1377	242.738	243.486	C4	33	80	0	0
1378	242.738	243.486	F#4	33	80	0	0
1379	242.738	243.111	A#4	33	80	0	0
1380	242.925	243.486	D#3	33	80	1	0
1381	243.113	243.486	C5	33	80	0	0
1382	243.488	244.611	G#4	33	80	0	0
1383	243.488	244.611	C5	33	80	0	0
1384	243.488	244.611	F5	33	80	0	0
1385	243.488	244.611	G#5	33	80	1	0
1386	244.613	245.68	G#3	33	80	1	0
1387	244.613	245.68	C4	33	80	0	0
1388	244.613	245.68	F#4	33	80	0	0
1389	244.613	245.68	G#4	33	80	0	0
1390	245.738	246.674	C#2	33	80	1	0
1391	245.894	246.049	G#2	33	80	1	0
1392	246.05	246.205	C#3	33	80	1	0
1393	246.206	246.361	F3	33	80	1	0
1394	246.363	246.518	G#3	33	80	1	0
1395	246.519	246.666	C#4	33	80	1	0
1396	246.675	247.642	F2	33	80	1	0
1397	246.836	246.996	C3	32	80	1	0
1398	246.998	247.158	F3	32	80	1	0
1399	247.159	247.319	G#3	32	80	1	0
1400	247.32	247.48	C4	32	80	1	0
1401	247.482	247.634	F4	32	80	1	0
1402	247.643	248.642	C#2	32	80	1	0
1403	247.81	247.975	G#2	31	80	1	0
1404	247.976	248.142	C#3	31	80	1	0
1405	248.143	248.308	F3	31	80	1	0
1406	248.31	248.475	G#3	31	80	1	0
1407	248.476	248.633	C#4	31	80	1	0
1408	248.643	249.676	F2	31	80	1	0
1409	248.815	248.986	C3	31	80	1	0
1410	248.988	249.159	F3	30	80	1	0
1411	249.16	249.331	G#3	30	80	1	0
1412	249.333	249.504	C4	30	80	1	0
1413	249.505	249.667	F4	30	80	1	0
1414	249.677	251.858	G#2	30	80	1	0
1415	249.677	250.747	G#4	30	80	0	0
1416	249.677	250.747	B4	30	80	0	0
1417	249.856	250.033	E3	30	80	1	0
1418	250.035	250.212	G#3	29	80	1	0
1419	250.213	250.39	B3	29	80	1	0
1420	250.392	250.569	E4	29	80	1	0
1421	250.57	250.747	F#4	29	80	1	0
1422	250.749	251.803	E4	29	80	0	0
1423	250.749	251.803	G#4	29	80	1	0
1424	250.749	251.803	C#5	29	80	0	0
1425	251.86	253.012	C#3	28	80	1	0
1426	252.052	252.243	G#3	28	80	1	0
1427	252.245	252.435	C#4	28	80	1	0
1428	252.437	252.628	F4	27	80	1	0
1429	252.629	252.82	G#4	27	80	1	0
1430	252.821	253.003	C#5	27	80	1	0
1431	253.014	254.212	F3	27	80	1	0
1432	253.214	253.412	C4	27	80	1	0
1433	253.414	253.612	F4	27	80	1	0
1434	253.614	253.812	G#4	26	80	1	0
1435	253.814	254.012	C5	26	80	1	0
1436	254.014	254.202	F5	26	80	1	0
1437	254.214	255.462	C#3	26	80	1	0
1438	254.422	254.629	G#3	26	80	1	0
1439	254.63	254.837	C#4	26	80	1	0
1440	254.839	255.045	F4	25	80	1	0
1441	255.047	255.254	G#4	25	80	1	0
1442	255.255	255.452	C#5	25	80	1	0
1443	255.464	256.766	F3	25	80	1	0
1444	255.681	255.897	C4	25	80	1	0
1445	255.899	256.114	F4	25	80	1	0
1446	256.116	256.332	G#4	25	80	1	0
1447	256.333	256.549	C5	24	80	1	0
1448	256.551	256.755	F5	24	80	1	0
1449	256.768	259.558	G#3	24	80	1	0
1450	256.768	259.558	G#5	24	80	0	0
1451	256.768	258.13	B5	24	80	0	0
1452	256.995	257.221	B3	24	80	1	0
1453	257.223	257.448	E4	24	80	1	0
1454	257.45	257.675	G#4	24	80	1	0
1455	257.677	257.903	B4	23	80	1	0
1456	257.904	259.487	E5	23	80	1	0
1457	258.132	259.487	C#6	23	80	0	0
1458	259.56	262.637	G#3	22	80	1	0
1459	259.56	262.637	G#5	22	80	0	0
1460	259.56	261.058	B5	22	80	0	0
1461	259.81	260.058	B3	22	80	1	0
1462	260.06	260.308	E4	22	80	1	0
1463	260.31	260.558	G#4	22	80	1	0
1464	260.56	260.808	B4	22	80	1	0
1465	260.81	262.558	E5	21	80	1	0
1466	261.06	262.637	C#6	21	80	0	0
1467	262.639	264.22	G#2	20	80	1	0
1468	262.639	264.22	E6	20	80	0	0
1469	264.306	267.943	C#2	19	80	1	0
1470	264.306	269.643	F6	19	80	0	0
1471	264.306	269.643	G#6	19	80	0	0
1472	264.6	264.892	G#2	19	80	1	0
1473	264.894	265.186	C#3	19	80	1	0
1474	265.188	265.48	F3	19	80	1	0
1475	265.482	265.774	G#3	19	80	1	0
1476	265.777	266.068	C#4	19	80	1	0
1477	266.071	266.693	F4	18	80	1	0
1478	266.696	267.318	G#4	18	80	1	0
1479	267.321	267.943	C#5	18	80	1	0
1480	267.946	268.61	F5	17	80	1	0
1481	268.612	269.276	G#5	17	80	1	0
1482	269.279	269.91	C#6	17	80	1	0
1483	269.946	274.228	C#4	16	80	1	0
1484	270.074	274.225	G#4	16	80	1	0
1485	270.205	274.225	C#5	16	80	1	0
1486	270.341	274.225	F5	16	80	1	0
1487	270.472	274.225	G#5	16	80	1	0
1488	270.609	274.225	C#6	16	80	1	0
1489	270.74	274.225	F6	16	80	1	0
1490	270.874	274.225	G#6	16	80	1	0
